// Jest Snapshot v1, https://goo.gl/fbAQLP

exports[`>>> HEADER COMPONENT --- Snapshot +++ capturing Snapshot of Projects list dumb component 1`] = `
<div
  className="centerName"
  id="title"
>
  <h2
    className="title"
  >
    Arthur Joly
  </h2>
  <div
    className="subTitle"
    id="subTitle"
  >
    Computer science engineer student
  </div>
  <div
    className="divLine"
  />
</div>
`;
